../Core/Src/ts_calibration.c:79:6:Touchscreen_Calibration	24	static
../Core/Src/ts_calibration.c:133:13:TouchscreenCalibration_SetHint	8	static
../Core/Src/ts_calibration.c:156:13:GetPhysValues	24	static
../Core/Src/ts_calibration.c:183:7:WaitForPressedState	32	static
../Core/Src/ts_calibration.c:214:10:Calibration_GetX	16	static
../Core/Src/ts_calibration.c:224:10:Calibration_GetY	16	static
../Core/Src/ts_calibration.c:234:9:IsCalibrationDone	4	static
../Core/Src/ts_calibration.c:240:6:test	4	static
